<html>
<body>
<pre>
<h1>µVision Build Log</h1>
<h2>Tool Versions:</h2>
IDE-Version: µVision V5.23.0.0
Copyright (C) 2017 ARM Ltd and ARM Germany GmbH. All rights reserved.
License Information: Asfandyar Jadoon, None, LIC=----
 
Tool Versions:
Toolchain:       MDK-Lite  Version: 5.23
Toolchain Path:  C:\Keil_v5\ARM\ARMCC\Bin
C Compiler:      Armcc.exe V5.06 update 4 (build 422)
Assembler:       Armasm.exe V5.06 update 4 (build 422)
Linker/Locator:  ArmLink.exe V5.06 update 4 (build 422)
Library Manager: ArmAr.exe V5.06 update 4 (build 422)
Hex Converter:   FromElf.exe V5.06 update 4 (build 422)
CPU DLL:         SARMCM3.DLL V5.23
Dialog DLL:      DCM.DLL V1.15.0.0
Target DLL:      CMSIS_AGDI.dll V1.27.5.0
Dialog DLL:      TCM.DLL V1.27.0.0
 
<h2>Project:</h2>
C:\Users\Asfandyar\finalyear_courses\ELEC3300\mpu6050\MDK-ARM\mpu6050.uvprojx
Project File Date:  04/25/2019

<h2>Output:</h2>
*** Using Compiler 'V5.06 update 4 (build 422)', folder: 'C:\Keil_v5\ARM\ARMCC\Bin'
Build target 'mpu6050'
compiling main.c...
..\Src\sd\sd_hal_mpu6050.h(262): warning:  #1-D: last line of file ends without a newline
  #endif /* DRIVERS_MYLIB_SD_HAL_MPU6050_H_ */
../Src/main.c(258): warning:  #9-D: nested comment is not allowed
      /* USER CODE END WHILE */
../Src/main.c(104): warning:  #550-D: variable "result"  was set but never used
  		SD_MPU6050_Result result ;
../Src/main.c(105): warning:  #177-D: variable "mpu_ok"  was declared but never referenced
  		uint8_t mpu_ok[15] = {"MPU WORK FINE\n"};
../Src/main.c(106): warning:  #177-D: variable "mpu_not"  was declared but never referenced
  		uint8_t mpu_not[17] = {"MPU NOT WORKING\n"};
../Src/main.c: 5 warnings, 0 errors
linking...
Program Size: Code=12572 RO-data=360 RW-data=120 ZI-data=1336  
FromELF: creating hex file...
"mpu6050\mpu6050.axf" - 0 Error(s), 5 Warning(s).

<h2>Software Packages used:</h2>

Package Vendor: ARM
                http://www.keil.com/pack/ARM.CMSIS.5.0.1.pack
                ARM::CMSIS:CORE:5.0.1
                CMSIS (Cortex Microcontroller Software Interface Standard)
   * Component: CORE Version: 5.0.1

<h2>Collection of Component include folders:</h2>
  .\RTE\_mpu6050
  C:\Keil_v5\ARM\PACK\ARM\CMSIS\5.0.1\CMSIS\Include
  C:\Keil_v5\ARM\PACK\Keil\STM32F1xx_DFP\2.3.0\Device\Include

<h2>Collection of Component Files used:</h2>

   * Component: ARM::CMSIS:CORE:5.0.1
Build Time Elapsed:  00:00:02
</pre>
</body>
</html>
